[     130ms] [INFO] %cDownload the React DevTools for a better development experience: https://react.dev/link/react-devtools font-weight:bold @ http://localhost:3000/node_modules/.vite/deps/react-dom_client.js?v=87d04daf:14337
[   31781ms] [LOG] [vite] server connection lost. Polling for restart... @ http://localhost:3000/@vite/client:968
[  496799ms] [INFO] %cDownload the React DevTools for a better development experience: https://react.dev/link/react-devtools font-weight:bold @ http://localhost:3000/node_modules/.vite/deps/react-dom_client.js?v=87d04daf:14337
[ 1195869ms] ReferenceError: isModuleAccessible is not defined
    at http://localhost:3000/src/app/module-loader/module-registry.ts?t=1785501956427:49:22
    at Array.map (<anonymous>)
    at resolveModules (http://localhost:3000/src/app/module-loader/module-registry.ts?t=1785501956427:47:23)
    at http://localhost:3000/src/app/AppShell/useAppShell.ts?t=1785501956427:6:32
    at updateMemo (http://localhost:3000/node_modules/.vite/deps/react-dom_client.js?v=87d04daf:4948:16)
    at Object.useMemo (http://localhost:3000/node_modules/.vite/deps/react-dom_client.js?v=87d04daf:13276:13)
    at exports.useMemo (http://localhost:3000/node_modules/.vite/deps/react.js?v=87d04daf:736:31)
    at useAppShell (http://localhost:3000/src/app/AppShell/useAppShell.ts?t=1785501956427:6:18)
    at AppShellRuntime (http://localhost:3000/src/app/AppShell/AppShell.tsx?t=1785501956427:10:111)
    at Object.react_stack_bottom_frame (http://localhost:3000/node_modules/.vite/deps/react-dom_client.js?v=87d04daf:12868:12)
[ 1195869ms] [WARNING] %s

%s
 An error occurred in the <AppShellRuntime> component. Consider adding an error boundary to your tree to customize error handling behavior.
Visit https://react.dev/link/error-boundaries to learn more about error boundaries. @ http://localhost:3000/node_modules/.vite/deps/react-dom_client.js?v=87d04daf:5257
[ 4840569ms] [LOG] [vite] server connection lost. Polling for restart... @ http://localhost:3000/@vite/client:968
[ 4973980ms] [INFO] %cDownload the React DevTools for a better development experience: https://react.dev/link/react-devtools font-weight:bold @ http://localhost:3000/node_modules/.vite/deps/react-dom_client.js?v=87d04daf:14337
[ 4974176ms] ReferenceError: isModuleAccessible is not defined
    at http://localhost:3000/src/app/module-loader/module-registry.ts?t=1785501956427:49:22
    at Array.map (<anonymous>)
    at resolveModules (http://localhost:3000/src/app/module-loader/module-registry.ts?t=1785501956427:47:23)
    at http://localhost:3000/src/app/AppShell/useAppShell.ts?t=1785501956427:6:32
    at updateMemo (http://localhost:3000/node_modules/.vite/deps/react-dom_client.js?v=87d04daf:4948:16)
    at Object.useMemo (http://localhost:3000/node_modules/.vite/deps/react-dom_client.js?v=87d04daf:13276:13)
    at exports.useMemo (http://localhost:3000/node_modules/.vite/deps/react.js?v=87d04daf:736:31)
    at useAppShell (http://localhost:3000/src/app/AppShell/useAppShell.ts?t=1785501956427:6:18)
    at AppShellRuntime (http://localhost:3000/src/app/AppShell/AppShell.tsx?t=1785501956427:10:111)
    at Object.react_stack_bottom_frame (http://localhost:3000/node_modules/.vite/deps/react-dom_client.js?v=87d04daf:12868:12)
[ 4974176ms] [WARNING] %s

%s
 An error occurred in the <AppShellRuntime> component. Consider adding an error boundary to your tree to customize error handling behavior.
Visit https://react.dev/link/error-boundaries to learn more about error boundaries. @ http://localhost:3000/node_modules/.vite/deps/react-dom_client.js?v=87d04daf:5257
[ 4977588ms] [LOG] [vite] server connection lost. Polling for restart... @ http://localhost:3000/@vite/client:968
[ 5301280ms] [INFO] %cDownload the React DevTools for a better development experience: https://react.dev/link/react-devtools font-weight:bold @ http://localhost:3000/node_modules/.vite/deps/react-dom_client.js?v=87d04daf:14337
[ 5301335ms] ReferenceError: isModuleAccessible is not defined
    at http://localhost:3000/src/app/module-loader/module-registry.ts?t=1785501956427:49:22
    at Array.map (<anonymous>)
    at resolveModules (http://localhost:3000/src/app/module-loader/module-registry.ts?t=1785501956427:47:23)
    at http://localhost:3000/src/app/AppShell/useAppShell.ts?t=1785501956427:6:32
    at updateMemo (http://localhost:3000/node_modules/.vite/deps/react-dom_client.js?v=87d04daf:4948:16)
    at Object.useMemo (http://localhost:3000/node_modules/.vite/deps/react-dom_client.js?v=87d04daf:13276:13)
    at exports.useMemo (http://localhost:3000/node_modules/.vite/deps/react.js?v=87d04daf:736:31)
    at useAppShell (http://localhost:3000/src/app/AppShell/useAppShell.ts?t=1785501956427:6:18)
    at AppShellRuntime (http://localhost:3000/src/app/AppShell/AppShell.tsx?t=1785501956427:10:111)
    at Object.react_stack_bottom_frame (http://localhost:3000/node_modules/.vite/deps/react-dom_client.js?v=87d04daf:12868:12)
[ 5301335ms] [WARNING] %s

%s
 An error occurred in the <AppShellRuntime> component. Consider adding an error boundary to your tree to customize error handling behavior.
Visit https://react.dev/link/error-boundaries to learn more about error boundaries. @ http://localhost:3000/node_modules/.vite/deps/react-dom_client.js?v=87d04daf:5257
